// Jest Snapshot v1, https://goo.gl/fbAQLP

exports[`Profile component renders successfully! 1`] = `
<div>
  <table>
    <thead>
      <tr>
        <th>
          Item name
        </th>
        <th>
          Item description
        </th>
        <th>
          Status
        </th>
        <th>
          -
        </th>
      </tr>
    </thead>
    <tbody />
  </table>
</div>
`;
